%!Adobe-FontList 1.15
%Locale:0x405

%BeginFont
Handler:DirectoryHandler
FontType:Invalid
OutlineFileName:D:\Repositories\brhodium.org\Explorer2\BitcoinRhExplorer\theme\Font\geosanslight-webfont.eot
FileModTime:1371544428
%EndFont

%BeginFont
Handler:DirectoryHandler
FontType:Invalid
OutlineFileName:D:\Repositories\brhodium.org\Explorer2\BitcoinRhExplorer\theme\Font\geosanslight-webfont.svg
FileModTime:1371544428
%EndFont

%BeginFont
Handler:DirectoryHandler
FontType:TrueType
FontName:GeosansLight
FamilyName:GeosansLight
StyleName:Regular
FullName:GeosansLight Regular
MenuName:GeosansLight
StyleBits:0
WritingScript:Roman
OutlineFileName:D:\Repositories\brhodium.org\Explorer2\BitcoinRhExplorer\theme\Font\geosanslight-webfont.ttf
DataFormat:sfntData
FileLength:60956
FileModTime:1371544428
WeightClass:500
WidthClass:5
AngleClass:0
NameArray:0,Win,1,GeosansLight
%EndFont

%BeginFont
Handler:DirectoryHandler
FontType:Invalid
OutlineFileName:D:\Repositories\brhodium.org\Explorer2\BitcoinRhExplorer\theme\Font\geosanslight-webfont.woff
FileModTime:1371544428
%EndFont

